C51 COMPILER V9.51   MAIN                                                                  10/14/2022 14:39:56 PAGE 1   


C51 COMPILER V9.51, COMPILATION OF MODULE MAIN
OBJECT MODULE PLACED IN .\dist\main.obj
COMPILER INVOKED BY: C:\Keil\C51\BIN\C51.EXE src\main.c OMF2 BROWSE DEBUG PRINT(.\main.lst) TABS(2) OBJECT(.\dist\main.o
                    -bj)

line level    source

   1          #include <STC15F2K60S2.H>
   2          
   3          #include "bsp_global.h"
   4          #include "callback.h"
   5          #include "timer0.h"
   6          #include "seg_led.h"
   7          #include "button.h"
   8          
   9          #include <INTRINS.H>
  10          // debug test fun
  11          unsigned char ledtest = 0x0f;
  12          unsigned char leftbit = 0;
  13          void waterled(){
  14   1          // 流水灯测试
  15   1          leftbit = (ledtest >> 7) & 1;
  16   1          ledtest <<= 1;
  17   1          ledtest |= leftbit;
  18   1          Led_Print(ledtest);
  19   1      }
  20          unsigned char hello[8] = {0x76, 0x79, 0x38, 0x38, 0x5c, 0, 0, 0};
  21          
  22          void seg7print(){OneSeg_Print(7, 0);}
  23          void seg7print1(){OneSeg_Print(7, 0x06);}
  24          void seg7print2(){OneSeg_Print(7, 0x5b);}
  25          void seg7print1_(){OneSeg_Print(7, 0x06|0X80);}
  26          void seg7print2_(){OneSeg_Print(7, 0x5b|0X80);}
  27          
  28          void Delay2000ms()    //@11.0592MHz
  29          {
  30   1        unsigned char i, j, k;
  31   1      
  32   1        _nop_();
  33   1        _nop_();
  34   1        i = 85;
  35   1        j = 12;
  36   1        k = 155;
  37   1        do
  38   1        {
  39   2          do
  40   2          {
  41   3            while (--k);
  42   3          } while (--j);
  43   2        } while (--i);
  44   1      }
  45          
  46          unsigned char led_count = 0;
  47          void ledcount(){
  48   1          led_count ++;
  49   1          Led_Print(led_count);
  50   1      }
  51          
  52          // end debug
  53          
  54          int main(){
C51 COMPILER V9.51   MAIN                                                                  10/14/2022 14:39:56 PAGE 2   

  55   1          Seg_Led_Init();
  56   1          Timer0_Init();
  57   1          Button_Init();
  58   1          AllSeg_Print(hello);
  59   1          Led_Print(0);
  60   1      
  61   1          // SetEventCallback(enumEvent_100ms, waterled);
  62   1          // SetEventCallback(enumEvent_Key1_Press, ledcount);
  63   1          SetEventCallback(enumEvent_key1_Release, ledcount);
  64   1          // SetEventCallback(enumEvent_Key2_Press, Delay2000ms);
  65   1          // SetEventCallback(enumEvent_key2_Release, seg7print2_);
  66   1      
  67   1          while(1);
  68   1      }


MODULE INFORMATION:   STATIC OVERLAYABLE
   CODE SIZE        =    118    ----
   CONSTANT SIZE    =   ----    ----
   XDATA SIZE       =   ----    ----
   PDATA SIZE       =   ----    ----
   DATA SIZE        =     11    ----
   IDATA SIZE       =   ----    ----
   BIT SIZE         =   ----    ----
   EDATA SIZE       =   ----    ----
   HDATA SIZE       =   ----    ----
   XDATA CONST SIZE =   ----    ----
   FAR CONST SIZE   =   ----    ----
END OF MODULE INFORMATION.


C51 COMPILATION COMPLETE.  0 WARNING(S),  0 ERROR(S)
