C51 COMPILER V9.51   MAIN                                                                  10/13/2022 15:30:55 PAGE 1   


C51 COMPILER V9.51, COMPILATION OF MODULE MAIN
OBJECT MODULE PLACED IN .\dist\main.obj
COMPILER INVOKED BY: C:\Keil\C51\BIN\C51.EXE src\main.c BROWSE DEBUG OBJECTEXTEND PRINT(.\main.lst) TABS(2) OBJECT(.\dis
                    -t\main.obj)

line level    source

   1          #include <STC15F2K60S2.H>
   2          #include <math.h>
   3          #include <intrins.h>    // 固有函数
   4          #include <absacc.h>     // 访问特殊功能寄存器（可能用不到）
   5          #include <stdio.h>      // 动态分配内存函数
   6          #include <stdlib.h>     // 标准库
   7          
   8          // 以上用不用的到不知道，反正先放着
   9          
  10          #include "bsp_global.h"
  11          #include "callback.h"
  12          #include "timer0.h"
  13          #include "seg_led.h"
  14          
  15          // debug
  16          unsigned char ledtest = 0x0f;
  17          unsigned char leftbit = 0;
  18          void waterled(){
  19   1          // 流水灯测试
  20   1          leftbit = (ledtest >> 7) & 1;
  21   1          ledtest <<= 1;
  22   1          ledtest |= leftbit;
  23   1          Led_Print(ledtest);
  24   1      }
  25          unsigned char hello[8] = {0x76, 0x79, 0x38, 0x38, 0x5c, 0, 0, 0};
  26          
  27          int main(){
  28   1          Seg_Led_Init();
  29   1          Timer0_Init();
  30   1          AllSeg_Print(hello);
  31   1          Led_Print(0);
  32   1      
  33   1          CallbackFor100ms = waterled;
  34   1          // SetEventCallback(enumEvent_100ms, waterled);
  35   1      
  36   1          while(1);
  37   1      }


MODULE INFORMATION:   STATIC OVERLAYABLE
   CODE SIZE        =     56    ----
   CONSTANT SIZE    =   ----    ----
   XDATA SIZE       =   ----    ----
   PDATA SIZE       =   ----    ----
   DATA SIZE        =     22    ----
   IDATA SIZE       =   ----    ----
   BIT SIZE         =   ----    ----
END OF MODULE INFORMATION.


C51 COMPILATION COMPLETE.  0 WARNING(S),  0 ERROR(S)
